[INFO] [launch]: All log files can be found below /tmp/week04_ros_logs/2026-09-27-16-24-39-413253-ROG-Strix-G16-8174
[INFO] [launch]: Default logging verbosity is set to INFO
[INFO] [turtlesim_node-1]: process started with pid [8185]
[INFO] [patrol-2]: process started with pid [8187]
[turtlesim_node-1] [INFO] [1790493879.486105399] [turtlesim]: Starting turtlesim with node name /turtlesim
[turtlesim_node-1] [INFO] [1790493879.487498572] [turtlesim]: Spawning turtle [turtle1] at x=[5.544445], y=[5.544445], theta=[0.000000]
[patrol-2] [INFO] [1790493879.557752242] [patrol]: Ready: /start_stop (true: start, false: stop)
[patrol-2] [INFO] [1790493892.030130443] [patrol]: Patrol resumed
[patrol-2] [INFO] [1790493892.462956372] [patrol]: Paused; current side and phase retained
[patrol-2] [INFO] [1790493894.879038216] [patrol]: Patrol resumed
[patrol-2] [INFO] [1790493896.992944876] [patrol]: Corner 1/4: turning 90 degrees
[patrol-2] [INFO] [1790493897.022105414] [patrol]: Paused; current side and phase retained
[patrol-2] [INFO] [1790493899.454625138] [patrol]: Patrol resumed
[patrol-2] [INFO] [1790493903.413390385] [patrol]: Corner 2/4: turning 90 degrees
[patrol-2] [INFO] [1790493907.392816650] [patrol]: Corner 3/4: turning 90 degrees
[patrol-2] [INFO] [1790493911.392471130] [patrol]: Corner 4/4: turning 90 degrees
[patrol-2] [INFO] [1790493912.832461923] [patrol]: Lap 1 complete
[patrol-2] [INFO] [1790493915.392727754] [patrol]: Corner 1/4: turning 90 degrees
[patrol-2] [INFO] [1790493919.392654397] [patrol]: Corner 2/4: turning 90 degrees
[patrol-2] [INFO] [1790493923.393065416] [patrol]: Corner 3/4: turning 90 degrees
[patrol-2] [INFO] [1790493927.393017113] [patrol]: Corner 4/4: turning 90 degrees
[patrol-2] [INFO] [1790493928.833088486] [patrol]: Lap 2 complete
[patrol-2] [INFO] [1790493928.833836748] [patrol]: Paused; current side and phase retained
[patrol-2] [INFO] [1790493931.263613712] [patrol]: Paused; current side and phase retained
[turtlesim_node-1] [INFO] [1790493947.409399635] [rclcpp]: signal_handler(SIGINT/SIGTERM)
[INFO] [patrol-2]: process has finished cleanly [pid 8187]
[INFO] [turtlesim_node-1]: process has finished cleanly [pid 8185]
